// Jest Snapshot v1, https://goo.gl/fbAQLP

exports[`Defined Value List gets a defined value from a valid guid or integer id 1`] = `Promise {}`;
